Component: ARM Compiler 5.06 update 6 (build 750) Tool: armlink [4d35ed]

==============================================================================

Section Cross References

    startup_w7500x.o(STACK) refers (Special) to heapauxi.o(.text) for __use_two_region_memory
    startup_w7500x.o(HEAP) refers (Special) to heapauxi.o(.text) for __use_two_region_memory
    startup_w7500x.o(RESET) refers (Special) to heapauxi.o(.text) for __use_two_region_memory
    startup_w7500x.o(RESET) refers to startup_w7500x.o(STACK) for __initial_sp
    startup_w7500x.o(RESET) refers to startup_w7500x.o(.text) for Reset_Handler
    startup_w7500x.o(RESET) refers to w7500x_it.o(.text) for NMI_Handler
    startup_w7500x.o(.text) refers (Special) to heapauxi.o(.text) for __use_two_region_memory
    startup_w7500x.o(.text) refers to system_w7500x.o(.text) for SystemInit
    startup_w7500x.o(.text) refers to __main.o(!!!main) for __main
    startup_w7500x.o(.text) refers to startup_w7500x.o(HEAP) for Heap_Mem
    startup_w7500x.o(.text) refers to startup_w7500x.o(STACK) for Stack_Mem
    system_w7500x.o(.text) refers to aeabi_sdiv.o(.text) for __aeabi_uidivmod
    system_w7500x.o(.text) refers to system_w7500x.o(.data) for .data
    w7500x_uart.o(.text) refers to system_w7500x.o(.text) for GetPLLSource
    w7500x_uart.o(.text) refers to aeabi_sdiv.o(.text) for __aeabi_uidivmod
    w7500x_uart.o(.text) refers to fflti.o(.text) for __aeabi_ui2f
    w7500x_uart.o(.text) refers to fdiv.o(.text) for __aeabi_fdiv
    w7500x_uart.o(.text) refers to ffixui.o(.text) for __aeabi_f2uiz
    w7500x_uart.o(.text) refers to faddsub.o(x$fpl$frsb) for __aeabi_frsub
    w7500x_uart.o(.text) refers to fscalbn.o(.text) for __ARM_scalbnf
    w7500x_uart.o(.text) refers to f2d.o(.text) for __aeabi_f2d
    w7500x_uart.o(.text) refers to daddsub.o(.text) for __aeabi_dadd
    w7500x_uart.o(.text) refers to dfixui.o(.text) for __aeabi_d2uiz
    w7500x_dma.o(.text) refers to _printf_percent.o(.ARM.Collect$$_printf_percent$$00000000) for _printf_percent
    w7500x_dma.o(.text) refers to _printf_x.o(.ARM.Collect$$_printf_percent$$0000000C) for _printf_x
    w7500x_dma.o(.text) refers to _printf_hex_int.o(.text) for _printf_longlong_hex
    w7500x_dma.o(.text) refers to _printf_d.o(.ARM.Collect$$_printf_percent$$00000009) for _printf_d
    w7500x_dma.o(.text) refers to _printf_dec.o(.text) for _printf_int_dec
    w7500x_dma.o(.text) refers to __2printf.o(.text) for __2printf
    w7500x_dma.o(.text) refers to w7500x_dma.o(.data) for .data
    socket.o(.text) refers to w7500x_wztoe.o(.text) for WIZCHIP_WRITE
    socket.o(.text) refers to socket.o(.data) for .data
    socket.o(.text) refers to socket.o(.bss) for .bss
    socket.o(.text) refers to socket.o(i.__ARM_common_switch8) for __ARM_common_switch8
    wizchip_conf.o(.text) refers to w7500x_wztoe.o(.text) for WIZCHIP_READ
    wizchip_conf.o(.text) refers to socket.o(i.__ARM_common_switch8) for __ARM_common_switch8
    wizchip_conf.o(.text) refers to wizchip_conf.o(.data) for .data
    wizchip_conf.o(.data) refers to wizchip_conf.o(.text) for wizchip_cris_enter
    w7500x_miim.o(.text) refers to w7500x_gpio.o(.text) for GPIO_SetBits
    w7500x_miim.o(.text) refers to main.o(.text) for delay
    w7500x_miim.o(.text) refers to __2printf.o(.text) for __2printf
    w7500x_miim.o(.text) refers to w7500x_miim.o(.data) for .data
    dhcp.o(.text) refers to w7500x_wztoe.o(.text) for WIZCHIP_WRITE
    dhcp.o(.text) refers to socket.o(.text) for sendto
    dhcp.o(.text) refers to dhcp.o(.data) for .data
    dhcp.o(.text) refers to socket.o(i.__ARM_common_switch8) for __ARM_common_switch8
    dhcp.o(.data) refers to dhcp.o(.text) for default_ip_assign
    dns.o(.text) refers to socket.o(i.__ARM_common_switch8) for __ARM_common_switch8
    dns.o(.text) refers to rt_memclr.o(.text) for __aeabi_memclr
    dns.o(.text) refers to strcpy.o(.text) for strcpy
    dns.o(.text) refers to strlen.o(.text) for strlen
    dns.o(.text) refers to strchr.o(.text) for strchr
    dns.o(.text) refers to strncpy.o(.text) for strncpy
    dns.o(.text) refers to socket.o(.text) for socket
    dns.o(.text) refers to dns.o(.data) for .data
    loopback.o(.text) refers to _printf_percent.o(.ARM.Collect$$_printf_percent$$00000000) for _printf_percent
    loopback.o(.text) refers to _printf_d.o(.ARM.Collect$$_printf_percent$$00000009) for _printf_d
    loopback.o(.text) refers to _printf_dec.o(.text) for _printf_int_dec
    loopback.o(.text) refers to w7500x_wztoe.o(.text) for WIZCHIP_READ
    loopback.o(.text) refers to __2printf.o(.text) for __2printf
    loopback.o(.text) refers to socket.o(.text) for recv
    dhcp_cb.o(.text) refers to configdata.o(.text) for get_DevConfig_pointer
    dhcp_cb.o(.text) refers to dhcp.o(.text) for getIPfromDHCP
    dhcp_cb.o(.text) refers to wizchip_conf.o(.text) for ctlnetwork
    w7500x_it.o(.text) refers to main.o(.text) for TimingDelay_Decrement
[...]
    __rt_lib_init_user_alloc_1               0x00007143   Thumb Code     0  libinit2.o(.ARM.Collect$$libinit$$0000000C)
    __rt_lib_init_lc_common                  0x00007147   Thumb Code     0  libinit2.o(.ARM.Collect$$libinit$$0000000F)
    __rt_lib_init_rand_1                     0x00007147   Thumb Code     0  libinit2.o(.ARM.Collect$$libinit$$0000000E)
    __rt_lib_init_lc_collate_1               0x0000714d   Thumb Code     0  libinit2.o(.ARM.Collect$$libinit$$00000011)
    __rt_lib_init_lc_ctype_2                 0x0000714d   Thumb Code     0  libinit2.o(.ARM.Collect$$libinit$$00000012)
    __rt_lib_init_alloca_1                   0x00007159   Thumb Code     0  libinit2.o(.ARM.Collect$$libinit$$0000002E)
    __rt_lib_init_argv_1                     0x00007159   Thumb Code     0  libinit2.o(.ARM.Collect$$libinit$$0000002C)
    __rt_lib_init_atexit_1                   0x00007159   Thumb Code     0  libinit2.o(.ARM.Collect$$libinit$$0000001B)
    __rt_lib_init_clock_1                    0x00007159   Thumb Code     0  libinit2.o(.ARM.Collect$$libinit$$00000021)
    __rt_lib_init_cpp_1                      0x00007159   Thumb Code     0  libinit2.o(.ARM.Collect$$libinit$$00000032)
    __rt_lib_init_exceptions_1               0x00007159   Thumb Code     0  libinit2.o(.ARM.Collect$$libinit$$00000030)
    __rt_lib_init_fp_trap_1                  0x00007159   Thumb Code     0  libinit2.o(.ARM.Collect$$libinit$$0000001F)
    __rt_lib_init_getenv_1                   0x00007159   Thumb Code     0  libinit2.o(.ARM.Collect$$libinit$$00000023)
    __rt_lib_init_lc_ctype_1                 0x00007159   Thumb Code     0  libinit2.o(.ARM.Collect$$libinit$$00000013)
    __rt_lib_init_lc_monetary_1              0x00007159   Thumb Code     0  libinit2.o(.ARM.Collect$$libinit$$00000015)
    __rt_lib_init_lc_numeric_1               0x00007159   Thumb Code     0  libinit2.o(.ARM.Collect$$libinit$$00000017)
    __rt_lib_init_lc_time_1                  0x00007159   Thumb Code     0  libinit2.o(.ARM.Collect$$libinit$$00000019)
    __rt_lib_init_return                     0x00007159   Thumb Code     0  libinit2.o(.ARM.Collect$$libinit$$00000033)
    __rt_lib_init_signal_1                   0x00007159   Thumb Code     0  libinit2.o(.ARM.Collect$$libinit$$0000001D)
    __rt_lib_init_stdio_1                    0x00007159   Thumb Code     0  libinit2.o(.ARM.Collect$$libinit$$00000025)
    __rt_lib_shutdown                        0x0000715b   Thumb Code     0  libshutdown.o(.ARM.Collect$$libshutdown$$00000000)
    __rt_lib_shutdown_cpp_1                  0x0000715d   Thumb Code     0  libshutdown2.o(.ARM.Collect$$libshutdown$$00000002)
    __rt_lib_shutdown_fp_trap_1              0x0000715d   Thumb Code     0  libshutdown2.o(.ARM.Collect$$libshutdown$$00000007)
    __rt_lib_shutdown_heap_1                 0x0000715d   Thumb Code     0  libshutdown2.o(.ARM.Collect$$libshutdown$$0000000F)
    __rt_lib_shutdown_return                 0x0000715d   Thumb Code     0  libshutdown2.o(.ARM.Collect$$libshutdown$$00000010)
    __rt_lib_shutdown_signal_1               0x0000715d   Thumb Code     0  libshutdown2.o(.ARM.Collect$$libshutdown$$0000000A)
    __rt_lib_shutdown_stdio_1                0x0000715d   Thumb Code     0  libshutdown2.o(.ARM.Collect$$libshutdown$$00000004)
    __rt_lib_shutdown_user_alloc_1           0x0000715d   Thumb Code     0  libshutdown2.o(.ARM.Collect$$libshutdown$$0000000C)
    __rt_entry                               0x0000715f   Thumb Code     0  __rtentry.o(.ARM.Collect$$rtentry$$00000000)
    __rt_entry_presh_1                       0x0000715f   Thumb Code     0  __rtentry2.o(.ARM.Collect$$rtentry$$00000002)
    __rt_entry_sh                            0x0000715f   Thumb Code     0  __rtentry4.o(.ARM.Collect$$rtentry$$00000004)
    __rt_entry_li                            0x00007165   Thumb Code     0  __rtentry2.o(.ARM.Collect$$rtentry$$0000000A)
    __rt_entry_postsh_1                      0x00007165   Thumb Code     0  __rtentry2.o(.ARM.Collect$$rtentry$$00000009)
    __rt_entry_main                          0x00007169   Thumb Code     0  __rtentry2.o(.ARM.Collect$$rtentry$$0000000D)
    __rt_entry_postli_1                      0x00007169   Thumb Code     0  __rtentry2.o(.ARM.Collect$$rtentry$$0000000C)
    __rt_exit                                0x00007171   Thumb Code     0  rtexit.o(.ARM.Collect$$rtexit$$00000000)
    __rt_exit_ls                             0x00007173   Thumb Code     0  rtexit2.o(.ARM.Collect$$rtexit$$00000003)
    __rt_exit_prels_1                        0x00007173   Thumb Code     0  rtexit2.o(.ARM.Collect$$rtexit$$00000002)
    __rt_exit_exit                           0x00007177   Thumb Code     0  rtexit2.o(.ARM.Collect$$rtexit$$00000004)
    rand                                     0x0000717d   Thumb Code    52  rand.o(.emb_text)
    __aeabi_memcpy4                          0x000071b5   Thumb Code    56  rt_memcpy.o(.emb_text)
    __aeabi_memcpy8                          0x000071b5   Thumb Code     0  rt_memcpy.o(.emb_text)
    Reset_Handler                            0x000071ed   Thumb Code     8  startup_w7500x.o(.text)
    RTC_Handler                              0x000071ff   Thumb Code     0  startup_w7500x.o(.text)
    __user_initial_stackheap                 0x00007201   Thumb Code    10  startup_w7500x.o(.text)
    GetSystemClock                           0x00007225   Thumb Code     6  system_w7500x.o(.text)
    GetSourceClock                           0x0000722b   Thumb Code     6  system_w7500x.o(.text)
    GetPLLSource                             0x00007231   Thumb Code     6  system_w7500x.o(.text)
    SystemInit                               0x00007237   Thumb Code    68  system_w7500x.o(.text)
    SystemCoreClockUpdate_User               0x0000727b   Thumb Code   114  system_w7500x.o(.text)
    SystemInit_User                          0x000072ed   Thumb Code    20  system_w7500x.o(.text)
    ADC_PowerDownEnable                      0x00007319   Thumb Code    18  w7500x_adc.o(.text)
    ADC_ChannelSelect                        0x0000732b   Thumb Code     8  w7500x_adc.o(.text)
    ADC_Start                                0x00007333   Thumb Code    10  w7500x_adc.o(.text)
    ADC_ReadData                             0x0000733d   Thumb Code    10  w7500x_adc.o(.text)
    ADC_InterruptMask                        0x00007347   Thumb Code    14  w7500x_adc.o(.text)
    ADC_IsEOC                                0x00007355   Thumb Code    16  w7500x_adc.o(.text)
    ADC_InterruptClear                       0x00007365   Thumb Code    10  w7500x_adc.o(.text)
    ADC_Init                                 0x0000736f   Thumb Code     4  w7500x_adc.o(.text)
    ADC_DeInit                               0x00007373   Thumb Code    16  w7500x_adc.o(.text)
    DUALTIMER_ClockEnable                    0x00007385   Thumb Code    48  w7500x_dualtimer.o(.text)
    DUALTIMER_ClockDisable                   0x000073b5   Thumb Code    50  w7500x_dualtimer.o(.text)
    DUALTIMER_Stop                           0x000073e7   Thumb Code    10  w7500x_dualtimer.o(.text)
    DUALTIMER_DeInit                         0x000073f1   Thumb Code    20  w7500x_dualtimer.o(.text)
    DUALTIMER_Init                           0x00007405   Thumb Code    44  w7500x_dualtimer.o(.text)
    DUALTIMER_IntConfig                      0x00007431   Thumb Code    18  w7500x_dualtimer.o(.text)
    DUALTIMER_IntClear                       0x00007443   Thumb Code     6  w7500x_dualtimer.o(.text)
    DUALTIMER_GetIntStatus                   0x00007449   Thumb Code     6  w7500x_dualtimer.o(.text)
    DUALTIMER_GetIntEnableStatus             0x0000744f   Thumb Code     8  w7500x_dualtimer.o(.text)
    DUALTIMER_Start                          0x00007457   Thumb Code    10  w7500x_dualtimer.o(.text)
    DUALTIMER_GetTimerLoad                   0x00007461   Thumb Code     4  w7500x_dualtimer.o(.text)
    DUALTIMER_SetTimerLoad                   0x00007465   Thumb Code     4  w7500x_dualtimer.o(.text)
    DUALTIMER_GetTimerValue                  0x00007469   Thumb Code     4  w7500x_dualtimer.o(.text)
    DUALTIMER_GetTimerControl                0x0000746d   Thumb Code     4  w7500x_dualtimer.o(.text)
    DUALTIMER_SetTimerControl                0x00007471   Thumb Code     4  w7500x_dualtimer.o(.text)
    DUALTIMER_GetTimerRIS                    0x00007475   Thumb Code     4  w7500x_dualtimer.o(.text)
    DUALTIMER_GetTimerMIS                    0x00007479   Thumb Code     4  w7500x_dualtimer.o(.text)
    DUALTIMER_GetTimerBGLoad                 0x0000747d   Thumb Code     4  w7500x_dualtimer.o(.text)
    DUALTIMER_SetTimerBGLoad                 0x00007481   Thumb Code     4  w7500x_dualtimer.o(.text)
    GPIO_DeInit                              0x0000748d   Thumb Code    78  w7500x_gpio.o(.text)
    GPIO_Init                                0x000074db   Thumb Code   194  w7500x_gpio.o(.text)
    GPIO_StructInit                          0x0000759d   Thumb Code    14  w7500x_gpio.o(.text)
    GPIO_ReadInputDataBit                    0x000075ab   Thumb Code    14  w7500x_gpio.o(.text)
    GPIO_ReadInputData                       0x000075b9   Thumb Code     6  w7500x_gpio.o(.text)
    GPIO_ReadOutputDataBit                   0x000075bf   Thumb Code    14  w7500x_gpio.o(.text)
    GPIO_ReadOutputData                      0x000075cd   Thumb Code     6  w7500x_gpio.o(.text)
    GPIO_SetBits                             0x000075d3   Thumb Code    28  w7500x_gpio.o(.text)
    GPIO_ResetBits                           0x000075ef   Thumb Code    32  w7500x_gpio.o(.text)
    GPIO_WriteBit                            0x0000760f   Thumb Code    30  w7500x_gpio.o(.text)
    GPIO_Write                               0x0000762d   Thumb Code     4  w7500x_gpio.o(.text)
    GPIO_INT_Enable_Bits                     0x00007631   Thumb Code    26  w7500x_gpio.o(.text)
    GPIO_INT_Enable                          0x0000764b   Thumb Code    16  w7500x_gpio.o(.text)
    GPIO_INT_Polarity_Bits                   0x0000765b   Thumb Code    20  w7500x_gpio.o(.text)
    GPIO_INT_Polarity                        0x0000766f   Thumb Code    14  w7500x_gpio.o(.text)
    GPIO_INT_Clear                           0x0000767d   Thumb Code     6  w7500x_gpio.o(.text)
    GPIO_Read_INTstatus                      0x00007683   Thumb Code    14  w7500x_gpio.o(.text)
    PAD_AFConfig                             0x00007691   Thumb Code    80  w7500x_gpio.o(.text)
    GPIO_Configuration                       0x000076e1   Thumb Code    64  w7500x_gpio.o(.text)
    GPIO_INT_Configuration                   0x00007721   Thumb Code   116  w7500x_gpio.o(.text)
    UART_StructInit                          0x000077a5   Thumb Code    24  w7500x_uart.o(.text)
    UART_DeInit                              0x000077bd   Thumb Code    10  w7500x_uart.o(.text)
    UART_Init                                0x000077c7   Thumb Code   182  w7500x_uart.o(.text)
    UART_FIFO_Enable                         0x0000787d   Thumb Code    24  w7500x_uart.o(.text)
    UART_FIFO_Disable                        0x00007895   Thumb Code    10  w7500x_uart.o(.text)
    UART_SendData                            0x0000789f   Thumb Code     4  w7500x_uart.o(.text)
    UART_ReceiveData                         0x000078a3   Thumb Code     6  w7500x_uart.o(.text)
    UART_SendBreak                           0x000078a9   Thumb Code    10  w7500x_uart.o(.text)
    UART_GetRecvStatus                       0x000078b3   Thumb Code    14  w7500x_uart.o(.text)
    UART_ClearRecvStatus                     0x000078c1   Thumb Code     4  w7500x_uart.o(.text)
    UART_GetFlagStatus                       0x000078c5   Thumb Code    14  w7500x_uart.o(.text)
    UART_ITConfig                            0x000078d3   Thumb Code    16  w7500x_uart.o(.text)
    UART_GetITStatus                         0x000078e3   Thumb Code    14  w7500x_uart.o(.text)
    UART_ClearITPendingBit                   0x000078f1   Thumb Code     8  w7500x_uart.o(.text)
    S_UART_DeInit                            0x000078f9   Thumb Code     2  w7500x_uart.o(.text)
    S_UART_SetBaud                           0x000078fb   Thumb Code    40  w7500x_uart.o(.text)
    S_UART_Init                              0x00007923   Thumb Code    24  w7500x_uart.o(.text)
    S_UART_SendData                          0x0000793b   Thumb Code    12  w7500x_uart.o(.text)
    S_UART_ReceiveData                       0x00007947   Thumb Code     8  w7500x_uart.o(.text)
    S_UART_GetFlagStatus                     0x0000794f   Thumb Code    16  w7500x_uart.o(.text)
    S_UART_SetCTRL                           0x0000795f   Thumb Code    18  w7500x_uart.o(.text)
    S_UART_ITConfig                          0x00007971   Thumb Code    18  w7500x_uart.o(.text)
    S_UART_GetITStatus                       0x00007983   Thumb Code    16  w7500x_uart.o(.text)
    S_UART_ClearITPendingBit                 0x00007993   Thumb Code    10  w7500x_uart.o(.text)
    UartPutc                                 0x0000799d   Thumb Code    12  w7500x_uart.o(.text)
    UartPuts                                 0x000079a9   Thumb Code    28  w7500x_uart.o(.text)
    UartGetc                                 0x000079c5   Thumb Code    12  w7500x_uart.o(.text)
    S_UartPutc                               0x000079d1   Thumb Code    12  w7500x_uart.o(.text)
    S_UartPuts                               0x000079dd   Thumb Code    24  w7500x_uart.o(.text)
    S_UartGetc                               0x000079f5   Thumb Code    14  w7500x_uart.o(.text)
    WIZCHIP_READ                             0x00007a21   Thumb Code     4  w7500x_wztoe.o(.text)
    WIZCHIP_WRITE                            0x00007a25   Thumb Code     4  w7500x_wztoe.o(.text)
    WIZCHIP_READ_BUF                         0x00007a29   Thumb Code    24  w7500x_wztoe.o(.text)
    WIZCHIP_WRITE_BUF                        0x00007a41   Thumb Code    24  w7500x_wztoe.o(.text)
    wiz_send_data                            0x00007a59   Thumb Code    40  w7500x_wztoe.o(.text)
    wiz_recv_data                            0x00007a81   Thumb Code    40  w7500x_wztoe.o(.text)
    wiz_recv_ignore                          0x00007aa9   Thumb Code    32  w7500x_wztoe.o(.text)
    close                                    0x00007ad5   Thumb Code    96  socket.o(.text)
    socket                                   0x00007b35   Thumb Code   214  socket.o(.text)
    listen                                   0x00007c0b   Thumb Code   110  socket.o(.text)
    connect                                  0x00007c79   Thumb Code   264  socket.o(.text)
    disconnect                               0x00007d81   Thumb Code   132  socket.o(.text)
    send                                     0x00007e05   Thumb Code   288  socket.o(.text)
    recv                                     0x00007f25   Thumb Code   206  socket.o(.text)
    sendto                                   0x00007ff3   Thumb Code   348  socket.o(.text)
    recvfrom                                 0x0000814f   Thumb Code   450  socket.o(.text)
    ctlsocket                                0x00008311   Thumb Code   170  socket.o(.text)
    setsockopt                               0x000083bb   Thumb Code   208  socket.o(.text)
    getsockopt                               0x0000848b   Thumb Code   234  socket.o(.text)
    wizchip_cris_enter                       0x00008589   Thumb Code     2  wizchip_conf.o(.text)
    wizchip_cris_exit                        0x0000858b   Thumb Code     2  wizchip_conf.o(.text)
    wizchip_cs_select                        0x0000858d   Thumb Code     2  wizchip_conf.o(.text)
    wizchip_cs_deselect                      0x0000858f   Thumb Code     2  wizchip_conf.o(.text)
    wizchip_bus_readbyte                     0x00008591   Thumb Code     4  wizchip_conf.o(.text)
    wizchip_bus_writebyte                    0x00008595   Thumb Code     4  wizchip_conf.o(.text)
    wizchip_spi_readbyte                     0x00008599   Thumb Code     4  wizchip_conf.o(.text)
    wizchip_spi_writebyte                    0x0000859d   Thumb Code     2  wizchip_conf.o(.text)
    reg_wizchip_cris_cbfunc                  0x0000859f   Thumb Code    26  wizchip_conf.o(.text)
    reg_wizchip_cs_cbfunc                    0x000085b9   Thumb Code    26  wizchip_conf.o(.text)
    reg_wizchip_bus_cbfunc                   0x000085d3   Thumb Code    34  wizchip_conf.o(.text)
    reg_wizchip_spi_cbfunc                   0x000085f5   Thumb Code    34  wizchip_conf.o(.text)
    wizphy_getphylink                        0x00008617   Thumb Code     6  wizchip_conf.o(.text)
    wizphy_getphypmode                       0x0000861d   Thumb Code     6  wizchip_conf.o(.text)
    wizchip_getinterruptmask                 0x00008623   Thumb Code    26  wizchip_conf.o(.text)
    wizchip_setinterruptmask                 0x0000863d   Thumb Code    28  wizchip_conf.o(.text)
    wizchip_getinterrupt                     0x00008659   Thumb Code    28  wizchip_conf.o(.text)
    wizchip_clrinterrupt                     0x00008675   Thumb Code    30  wizchip_conf.o(.text)
    wizchip_sw_reset                         0x00008693   Thumb Code   332  wizchip_conf.o(.text)
    wizchip_init                             0x000087df   Thumb Code   118  wizchip_conf.o(.text)
    ctlwizchip                               0x00008855   Thumb Code   114  wizchip_conf.o(.text)
    wizchip_gettimeout                       0x000088c7   Thumb Code    24  wizchip_conf.o(.text)
    wizchip_settimeout                       0x000088df   Thumb Code    28  wizchip_conf.o(.text)
    wizchip_getnetmode                       0x000088fb   Thumb Code    10  wizchip_conf.o(.text)
    wizchip_setnetmode                       0x00008905   Thumb Code    38  wizchip_conf.o(.text)
    wizchip_getnetinfo                       0x0000892b   Thumb Code   264  wizchip_conf.o(.text)
    wizchip_setnetinfo                       0x00008a33   Thumb Code   210  wizchip_conf.o(.text)
    ctlnetwork                               0x00008b05   Thumb Code    74  wizchip_conf.o(.text)
    idle_MDIO                                0x00008b59   Thumb Code    40  w7500x_miim.o(.text)
    input_MDIO                               0x00008b81   Thumb Code    58  w7500x_miim.o(.text)
    turnaround_MDIO                          0x00008bbb   Thumb Code    46  w7500x_miim.o(.text)
    output_MDIO                              0x00008be9   Thumb Code    74  w7500x_miim.o(.text)
    mdio_read                                0x00008c33   Thumb Code    72  w7500x_miim.o(.text)
    link                                     0x00008c7b   Thumb Code    18  w7500x_miim.o(.text)
    mdio_write                               0x00008c8d   Thumb Code    78  w7500x_miim.o(.text)
    set_link                                 0x00008cdb   Thumb Code    24  w7500x_miim.o(.text)
    phy_id                                   0x00008cf3   Thumb Code   106  w7500x_miim.o(.text)
    mdio_init                                0x00008d5d   Thumb Code    66  w7500x_miim.o(.text)
    default_ip_assign                        0x00008dc5   Thumb Code   128  dhcp.o(.text)
    default_ip_update                        0x00008e45   Thumb Code    88  dhcp.o(.text)
    default_ip_conflict                      0x00008e9d   Thumb Code    84  dhcp.o(.text)
    reg_dhcp_cbfunc                          0x00008ef1   Thumb Code    38  dhcp.o(.text)
    makeDHCPMSG                              0x00008f17   Thumb Code   190  dhcp.o(.text)
    send_DHCP_DISCOVER                       0x00008fd5   Thumb Code   358  dhcp.o(.text)
    send_DHCP_REQUEST                        0x0000913b   Thumb Code   558  dhcp.o(.text)
    send_DHCP_DECLINE                        0x00009369   Thumb Code   256  dhcp.o(.text)
    parseDHCPMSG                             0x00009469   Thumb Code   304  dhcp.o(.text)
    reset_DHCP_timeout                       0x00009599   Thumb Code    16  dhcp.o(.text)
    check_DHCP_timeout                       0x000095a9   Thumb Code   104  dhcp.o(.text)
    check_DHCP_leasedIP                      0x00009611   Thumb Code   112  dhcp.o(.text)
    DHCP_run                                 0x00009681   Thumb Code   284  dhcp.o(.text)
    DHCP_stop                                0x0000979d   Thumb Code    16  dhcp.o(.text)
    DHCP_init                                0x000097ad   Thumb Code   332  dhcp.o(.text)
    DHCP_time_handler                        0x000098f9   Thumb Code    10  dhcp.o(.text)
    getIPfromDHCP                            0x00009903   Thumb Code    22  dhcp.o(.text)
    getGWfromDHCP                            0x00009919   Thumb Code    22  dhcp.o(.text)
    getSNfromDHCP                            0x0000992f   Thumb Code    22  dhcp.o(.text)
    getDNSfromDHCP                           0x00009945   Thumb Code    22  dhcp.o(.text)
    getDHCPLeasetime                         0x0000995b   Thumb Code     6  dhcp.o(.text)
    get16                                    0x00009971   Thumb Code    12  dns.o(.text)
    put16                                    0x0000997d   Thumb Code    10  dns.o(.text)
    parse_name                               0x00009987   Thumb Code   122  dns.o(.text)
    dns_question                             0x00009a01   Thumb Code    30  dns.o(.text)
    dns_answer                               0x00009a1f   Thumb Code   168  dns.o(.text)
    parseDNSMSG                              0x00009ac7   Thumb Code   210  dns.o(.text)
    dns_makequery                            0x00009b99   Thumb Code   172  dns.o(.text)
    check_DNS_timeout                        0x00009c45   Thumb Code    36  dns.o(.text)
    DNS_init                                 0x00009c69   Thumb Code    12  dns.o(.text)
    DNS_run                                  0x00009c75   Thumb Code   148  dns.o(.text)
    DNS_time_handler                         0x00009d09   Thumb Code    10  dns.o(.text)
    w7500x_dhcp_assign                       0x00009d21   Thumb Code   136  dhcp_cb.o(.text)
    w7500x_dhcp_conflict                     0x00009da9   Thumb Code     2  dhcp_cb.o(.text)
    NMI_Handler                              0x00009dad   Thumb Code     2  w7500x_it.o(.text)
    HardFault_Handler                        0x00009daf   Thumb Code     2  w7500x_it.o(.text)
    SVC_Handler                              0x00009db1   Thumb Code     2  w7500x_it.o(.text)
    PendSV_Handler                           0x00009db3   Thumb Code     2  w7500x_it.o(.text)
    SysTick_Handler                          0x00009db5   Thumb Code     8  w7500x_it.o(.text)
    SSP0_Handler                             0x00009dbd   Thumb Code     2  w7500x_it.o(.text)
    SSP1_Handler                             0x00009dbf   Thumb Code     2  w7500x_it.o(.text)
    UART0_Handler                            0x00009dc1   Thumb Code    10  w7500x_it.o(.text)
    UART1_Handler                            0x00009dcb   Thumb Code    10  w7500x_it.o(.text)
    UART2_Handler                            0x00009dd5   Thumb Code     2  w7500x_it.o(.text)
    I2C0_Handler                             0x00009dd7   Thumb Code     2  w7500x_it.o(.text)
    I2C1_Handler                             0x00009dd9   Thumb Code     2  w7500x_it.o(.text)
    PORT0_Handler                            0x00009ddb   Thumb Code     2  w7500x_it.o(.text)
    PORT1_Handler                            0x00009ddd   Thumb Code     2  w7500x_it.o(.text)
    PORT2_Handler                            0x00009ddf   Thumb Code     2  w7500x_it.o(.text)
    PORT3_Handler                            0x00009de1   Thumb Code     2  w7500x_it.o(.text)
    DMA_Handler                              0x00009de3   Thumb Code     2  w7500x_it.o(.text)
    DUALTIMER0_Handler                       0x00009de5   Thumb Code     8  w7500x_it.o(.text)
    DUALTIMER1_Handler                       0x00009ded   Thumb Code     2  w7500x_it.o(.text)
    PWM0_Handler                             0x00009def   Thumb Code     2  w7500x_it.o(.text)
    PWM1_Handler                             0x00009df1   Thumb Code     2  w7500x_it.o(.text)
    PWM2_Handler                             0x00009df3   Thumb Code     2  w7500x_it.o(.text)
    PWM3_Handler                             0x00009df5   Thumb Code     2  w7500x_it.o(.text)
    PWM4_Handler                             0x00009df7   Thumb Code     2  w7500x_it.o(.text)
    PWM5_Handler                             0x00009df9   Thumb Code     2  w7500x_it.o(.text)
    PWM6_Handler                             0x00009dfb   Thumb Code     2  w7500x_it.o(.text)
    PWM7_Handler                             0x00009dfd   Thumb Code     2  w7500x_it.o(.text)
    ADC_Handler                              0x00009dff   Thumb Code     2  w7500x_it.o(.text)
    WZTOE_Handler                            0x00009e01   Thumb Code     2  w7500x_it.o(.text)
    EXTI_Handler                             0x00009e03   Thumb Code     2  w7500x_it.o(.text)
    fputc                                    0x00009e0d   Thumb Code    10  retarget.o(.text)
    fgetc                                    0x00009e17   Thumb Code    12  retarget.o(.text)
    ferror                                   0x00009e23   Thumb Code     6  retarget.o(.text)
    _ttywrch                                 0x00009e29   Thumb Code    10  retarget.o(.text)
    _sys_exit                                0x00009e33   Thumb Code     2  retarget.o(.text)
    display_Dev_Info_dns                     0x00009e35   Thumb Code    76  main.o(.text)
    process_dns                              0x00009e81   Thumb Code   106  main.o(.text)
    display_Dev_Info_dhcp                    0x00009eeb   Thumb Code    44  main.o(.text)
    process_dhcp                             0x00009f17   Thumb Code    70  main.o(.text)
    display_Dev_Info_main                    0x00009f5d   Thumb Code  1704  main.o(.text)
    display_Dev_Info_header                  0x0000a605   Thumb Code    62  main.o(.text)
    main                                     0x0000a643   Thumb Code   300  main.o(.text)
    delay                                    0x0000a76f   Thumb Code    16  main.o(.text)
    TimingDelay_Decrement                    0x0000a77f   Thumb Code   766  main.o(.text)
    LED_Init                                 0x0000aad5   Thumb Code    60  w7500x_board.o(.text)
    init_boot_entry_pin                      0x0000ab11   Thumb Code    24  w7500x_board.o(.text)
    init_phylink_in_pin                      0x0000ab29   Thumb Code    18  w7500x_board.o(.text)
    get_hw_trig_pin                          0x0000ab3b   Thumb Code    42  w7500x_board.o(.text)
    init_hw_trig_pin                         0x0000ab65   Thumb Code    24  w7500x_board.o(.text)
    W7500x_Board_Init                        0x0000ab7d   Thumb Code    82  w7500x_board.o(.text)
    Supervisory_IC_Init                      0x0000abcf   Thumb Code    12  w7500x_board.o(.text)
    get_phylink_in_pin                       0x0000abdb   Thumb Code    16  w7500x_board.o(.text)
    init_uart_if_sel_pin                     0x0000abeb   Thumb Code    18  w7500x_board.o(.text)
    get_uart_if_sel_pin                      0x0000abfd   Thumb Code    14  w7500x_board.o(.text)
    get_boot_entry_pin                       0x0000ac0b   Thumb Code    16  w7500x_board.o(.text)
    LED_On                                   0x0000ac1b   Thumb Code    24  w7500x_board.o(.text)
    LED_Off                                  0x0000ac33   Thumb Code    24  w7500x_board.o(.text)
    LED_Toggle                               0x0000ac4b   Thumb Code    24  w7500x_board.o(.text)
    get_LED_Status                           0x0000ac63   Thumb Code    20  w7500x_board.o(.text)
    set_device_status                        0x0000ac8d   Thumb Code    74  seg.o(.text)
    add_data_transfer_bytecount              0x0000acd7   Thumb Code    96  seg.o(.text)
    debugSerial_dataTransfer                 0x0000ad37   Thumb Code   138  seg.o(.text)
    check_connect_pw_auth                    0x0000adc1   Thumb Code    68  seg.o(.text)
    ether_to_uart                            0x0000ae05   Thumb Code   468  seg.o(.text)
    get_serial_data                          0x0000afd9   Thumb Code   408  seg.o(.text)
    uart_to_ether                            0x0000b171   Thumb Code   280  seg.o(.text)
    proc_SEG_udp                             0x0000b289   Thumb Code   168  seg.o(.text)
    get_tcp_any_port                         0x0000b331   Thumb Code    58  seg.o(.text)
    reset_SEG_timeflags                      0x0000b36b   Thumb Code    28  seg.o(.text)
    process_socket_termination               0x0000b387   Thumb Code    60  seg.o(.text)
    send_keepalive_packet_manual             0x0000b3c3   Thumb Code    12  seg.o(.text)
    check_tcp_connect_exception              0x0000b3cf   Thumb Code   278  seg.o(.text)
    proc_SEG_tcp_mixed                       0x0000b4e5   Thumb Code  1106  seg.o(.text)
    proc_SEG_tcp_server                      0x0000b937   Thumb Code   732  seg.o(.text)
    proc_SEG_tcp_client                      0x0000bc13   Thumb Code   588  seg.o(.text)
    init_trigger_modeswitch                  0x0000be5f   Thumb Code   126  seg.o(.text)
    do_seg                                   0x0000bedd   Thumb Code   146  seg.o(.text)
    get_device_status                        0x0000bf6f   Thumb Code   190  seg.o(.text)
    restore_serial_data                      0x0000c02d   Thumb Code    60  seg.o(.text)
    check_modeswitch_trigger                 0x0000c069   Thumb Code   134  seg.o(.text)
    check_serial_store_permitted             0x0000c0ef   Thumb Code    84  seg.o(.text)
    init_time_delimiter_timer                0x0000c143   Thumb Code    58  seg.o(.text)
    clear_data_transfer_bytecount            0x0000c17d   Thumb Code    44  seg.o(.text)
    get_data_transfer_bytecount              0x0000c1a9   Thumb Code    40  seg.o(.text)
    seg_timer_msec                           0x0000c1d1   Thumb Code   170  seg.o(.text)
    seg_timer_sec                            0x0000c27b   Thumb Code    30  seg.o(.text)
    get_DevConfig_pointer                    0x0000c2ad   Thumb Code     4  configdata.o(.text)
    set_DevConfig_to_factory_value           0x0000c2b1   Thumb Code   368  configdata.o(.text)
    load_DevConfig_from_storage              0x0000c421   Thumb Code   100  configdata.o(.text)
    save_DevConfig_to_storage                0x0000c485   Thumb Code    94  configdata.o(.text)
    get_DevConfig_value                      0x0000c4e3   Thumb Code     8  configdata.o(.text)
    set_DevConfig_value                      0x0000c4eb   Thumb Code     8  configdata.o(.text)
    set_DevConfig                            0x0000c4f3   Thumb Code    90  configdata.o(.text)
    get_DevConfig                            0x0000c54d   Thumb Code    88  configdata.o(.text)
    display_Net_Info                         0x0000c5a5   Thumb Code   536  configdata.o(.text)
    Mac_Conf                                 0x0000c7bd   Thumb Code    64  configdata.o(.text)
    Net_Conf                                 0x0000c7fd   Thumb Code   102  configdata.o(.text)
    set_dhcp_mode                            0x0000c863   Thumb Code    10  configdata.o(.text)
    set_static_mode                          0x0000c86d   Thumb Code    10  configdata.o(.text)
    set_mac                                  0x0000c877   Thumb Code    16  configdata.o(.text)
    parse_SEGCP                              0x0000c98f   Thumb Code   142  segcp.o(.text)
    proc_SEGCP                               0x0000ca1d   Thumb Code  3114  segcp.o(.text)
    send_keepalive_packet_configtool         0x0000d647   Thumb Code    12  segcp.o(.text)
    proc_SEGCP_tcp                           0x0000d653   Thumb Code   482  segcp.o(.text)
    proc_SEGCP_udp                           0x0000d835   Thumb Code   320  segcp.o(.text)
    uart_get_commandline                     0x0000d975   Thumb Code   102  segcp.o(.text)
    proc_SEGCP_uart                          0x0000d9db   Thumb Code   114  segcp.o(.text)
    do_segcp                                 0x0000da4d   Thumb Code   432  segcp.o(.text)
    segcp_timer_msec                         0x0000dbfd   Thumb Code    44  segcp.o(.text)
    is_ipaddr                                0x0000dc41   Thumb Code   150  util.o(.text)
    is_hexstr                                0x0000dcd7   Thumb Code    48  util.o(.text)
    is_hex                                   0x0000dd07   Thumb Code    60  util.o(.text)
    str_to_hex                               0x0000dd43   Thumb Code   118  util.o(.text)
    is_macaddr                               0x0000ddb9   Thumb Code   108  util.o(.text)
    _mid                                     0x0000de25   Thumb Code    50  util.o(.text)
    DO_IAP                                   0x0000de59   Thumb Code    18  flashhandler.o(.text)
    erase_flash_sector                       0x0000de6b   Thumb Code    60  flashhandler.o(.text)
    erase_flash_block                        0x0000dea7   Thumb Code    24  flashhandler.o(.text)
    write_flash                              0x0000debf   Thumb Code    76  flashhandler.o(.text)
    read_flash                               0x0000df0b   Thumb Code    20  flashhandler.o(.text)
    Copy_Interrupt_VectorTable               0x0000df1f   Thumb Code   116  flashhandler.o(.text)
    read_storage                             0x0000dfa9   Thumb Code    50  storagehandler.o(.text)
    erase_storage                            0x0000dfdb   Thumb Code   132  storagehandler.o(.text)
    write_storage                            0x0000e05f   Thumb Code    64  storagehandler.o(.text)
    Timer_Configuration                      0x0000e0a9   Thumb Code    70  timerhandler.o(.text)
    Timer_IRQ_Handler                        0x0000e0ef   Thumb Code   180  timerhandler.o(.text)
    getDevtime                               0x0000e1a3   Thumb Code     6  timerhandler.o(.text)
    setDevtime                               0x0000e1a9   Thumb Code     6  timerhandler.o(.text)
    getNow                                   0x0000e1af   Thumb Code     6  timerhandler.o(.text)
    millis                                   0x0000e1b5   Thumb Code     6  timerhandler.o(.text)
    getDeviceUptime_day                      0x0000e1bb   Thumb Code     6  timerhandler.o(.text)
    getDeviceUptime_hour                     0x0000e1c1   Thumb Code     6  timerhandler.o(.text)
    getDeviceUptime_min                      0x0000e1c7   Thumb Code     6  timerhandler.o(.text)
    getDeviceUptime_sec                      0x0000e1cd   Thumb Code     6  timerhandler.o(.text)
    getDeviceUptime_msec                     0x0000e1d3   Thumb Code     6  timerhandler.o(.text)
    set_phylink_time_check                   0x0000e1d9   Thumb Code    14  timerhandler.o(.text)
    get_phylink_downtime                     0x0000e1e7   Thumb Code     6  timerhandler.o(.text)
    S2E_UART_IRQ_Handler                     0x0000e201   Thumb Code   116  uarthandler.o(.text)
    uart_rs485_rs422_init                    0x0000e275   Thumb Code    84  uarthandler.o(.text)
    get_uart_rs485_sel                       0x0000e2c9   Thumb Code    92  uarthandler.o(.text)
    set_uart_rts_pin_low                     0x0000e325   Thumb Code    32  uarthandler.o(.text)
    serial_info_init                         0x0000e345   Thumb Code   314  uarthandler.o(.text)
    S2E_UART_Configuration                   0x0000e47f   Thumb Code   114  uarthandler.o(.text)
    UART2_Configuration                      0x0000e4f1   Thumb Code    12  uarthandler.o(.text)
    set_uart_rts_pin_high                    0x0000e4fd   Thumb Code    32  uarthandler.o(.text)
    check_uart_flow_control                  0x0000e51d   Thumb Code   172  uarthandler.o(.text)
    uart_putc                                0x0000e5c9   Thumb Code    84  uarthandler.o(.text)
    uart_puts                                0x0000e61d   Thumb Code    58  uarthandler.o(.text)
    uart_getc                                0x0000e657   Thumb Code    48  uarthandler.o(.text)
    uart_getc_nonblk                         0x0000e687   Thumb Code    50  uarthandler.o(.text)
    uart_gets                                0x0000e6b9   Thumb Code   146  uarthandler.o(.text)
    uart_rx_flush                            0x0000e74b   Thumb Code    12  uarthandler.o(.text)
    uart_rs485_enable                        0x0000e757   Thumb Code    80  uarthandler.o(.text)
    uart_rs485_disable                       0x0000e7a7   Thumb Code    80  uarthandler.o(.text)
    get_uart_cts_pin                         0x0000e7f7   Thumb Code    28  uarthandler.o(.text)
    check_n_clear_uart_recv_status           0x0000e813   Thumb Code    44  uarthandler.o(.text)
    device_set_factory_default               0x0000e855   Thumb Code    12  devicehandler.o(.text)
    device_socket_termination                0x0000e861   Thumb Code    20  devicehandler.o(.text)
    device_reboot                            0x0000e875   Thumb Code    26  devicehandler.o(.text)
    reset_fw_update_timer                    0x0000e88f   Thumb Code    18  devicehandler.o(.text)
    get_firmware_from_network                0x0000e8a1   Thumb Code   238  devicehandler.o(.text)
    device_firmware_update                   0x0000e98f   Thumb Code   250  devicehandler.o(.text)
    device_appboot_update                    0x0000ea89   Thumb Code   298  devicehandler.o(.text)
    get_any_port                             0x0000ebb3   Thumb Code    38  devicehandler.o(.text)
    gen_http_fw_request                      0x0000ebd9   Thumb Code    64  devicehandler.o(.text)
    get_firmware_from_server                 0x0000ec19   Thumb Code  1110  devicehandler.o(.text)
    process_dns_fw_server                    0x0000f06f   Thumb Code    54  devicehandler.o(.text)
    device_timer_msec                        0x0000f0a5   Thumb Code    78  devicehandler.o(.text)
    get_user_io_bitorder                     0x0000f17d   Thumb Code    28  gpiohandler.o(.text)
    init_user_io                             0x0000f199   Thumb Code   178  gpiohandler.o(.text)
    get_user_io_enabled                      0x0000f24b   Thumb Code    30  gpiohandler.o(.text)
    set_flowcontrol_dtr_pin                  0x0000f269   Thumb Code    28  gpiohandler.o(.text)
    init_flowcontrol_dsr_pin                 0x0000f285   Thumb Code    18  gpiohandler.o(.text)
    init_tcpconnection_status_pin            0x0000f297   Thumb Code    28  gpiohandler.o(.text)
    init_flowcontrol_dtr_pin                 0x0000f2b3   Thumb Code    30  gpiohandler.o(.text)
    init_phylink_status_pin                  0x0000f2d1   Thumb Code    30  gpiohandler.o(.text)
    init_connection_status_io                0x0000f2ef   Thumb Code    44  gpiohandler.o(.text)
    IO_Configuration                         0x0000f31b   Thumb Code    90  gpiohandler.o(.text)
    set_user_io_enable                       0x0000f375   Thumb Code    58  gpiohandler.o(.text)
    set_user_io_direction                    0x0000f3af   Thumb Code    70  gpiohandler.o(.text)
    set_user_io_type                         0x0000f3f5   Thumb Code    98  gpiohandler.o(.text)
    get_user_io_type                         0x0000f457   Thumb Code    30  gpiohandler.o(.text)
    get_user_io_direction                    0x0000f475   Thumb Code    30  gpiohandler.o(.text)
    read_ADC                                 0x0000f493   Thumb Code    24  gpiohandler.o(.text)
    get_user_io_val                          0x0000f4ab   Thumb Code   126  gpiohandler.o(.text)
    set_user_io_val                          0x0000f529   Thumb Code   148  gpiohandler.o(.text)
    set_connection_status_io                 0x0000f5bd   Thumb Code   112  gpiohandler.o(.text)
    get_connection_status_io                 0x0000f62d   Thumb Code    60  gpiohandler.o(.text)
    get_flowcontrol_dsr_pin                  0x0000f669   Thumb Code    14  gpiohandler.o(.text)
    check_phylink_status                     0x0000f677   Thumb Code    38  gpiohandler.o(.text)
    gpio_handler_timer_msec                  0x0000f69d   Thumb Code    36  gpiohandler.o(.text)
    __I$use$semihosting                      0x0000f6cd   Thumb Code     0  use_no_semi.o(.text)
    __use_no_semihosting_swi                 0x0000f6cd   Thumb Code     2  use_no_semi.o(.text)
    __rt_ctype_table                         0x0000f6d1   Thumb Code    16  rt_ctype_table.o(.text)
    toupper                                  0x0000f6e1   Thumb Code    30  toupper.o(.text)
    __2printf                                0x0000f701   Thumb Code    22  __2printf.o(.text)
    __2sprintf                               0x0000f71d   Thumb Code    40  __2sprintf.o(.text)
    _printf_pre_padding                      0x0000f749   Thumb Code    44  _printf_pad.o(.text)
    _printf_post_padding                     0x0000f775   Thumb Code    34  _printf_pad.o(.text)
    _printf_str                              0x0000f797   Thumb Code    82  _printf_str.o(.text)
    _printf_int_dec                          0x0000f7e9   Thumb Code    90  _printf_dec.o(.text)
    _printf_int_hex                          0x0000f855   Thumb Code    84  _printf_hex_int.o(.text)
    _printf_longlong_hex                     0x0000f855   Thumb Code     0  _printf_hex_int.o(.text)
    __printf                                 0x0000f8ad   Thumb Code   386  __printf_flags_ss_wp.o(.text)
    atoi                                     0x0000fa35   Thumb Code    26  atoi.o(.text)
    atol                                     0x0000fa4f   Thumb Code    26  atol.o(.text)
    srand                                    0x0000fa69   Thumb Code    44  rand.o(.text)
    _rand_init                               0x0000fa95   Thumb Code     4  rand.o(.text)
    strtok                                   0x0000faa5   Thumb Code    10  strtok.o(.text)
    strchr                                   0x0000fab5   Thumb Code    20  strchr.o(.text)
    strstr                                   0x0000fac9   Thumb Code    40  strstr.o(.text)
    memcmp                                   0x0000faf1   Thumb Code    90  memcmp.o(.text)
    strcpy                                   0x0000fb4d   Thumb Code    70  strcpy.o(.text)
    strlen                                   0x0000fb99   Thumb Code    62  strlen.o(.text)
    strncmp                                  0x0000fbdd   Thumb Code   154  strncmp.o(.text)
    strcat                                   0x0000fc7d   Thumb Code    24  strcat.o(.text)
    __aeabi_memcpy                           0x0000fc95   Thumb Code   130  rt_memcpy.o(.text)
    __rt_memcpy                              0x0000fc95   Thumb Code     0  rt_memcpy.o(.text)
    _memset_w                                0x0000fd17   Thumb Code    26  rt_memclr.o(.text)
    _memset                                  0x0000fd31   Thumb Code    30  rt_memclr.o(.text)
    __aeabi_memclr                           0x0000fd4f   Thumb Code     4  rt_memclr.o(.text)
    __rt_memclr                              0x0000fd4f   Thumb Code     0  rt_memclr.o(.text)
    __aeabi_memclr4                          0x0000fd53   Thumb Code     0  rt_memclr.o(.text)
    __aeabi_memclr8                          0x0000fd53   Thumb Code     0  rt_memclr.o(.text)
    __rt_memclr_w                            0x0000fd53   Thumb Code     4  rt_memclr.o(.text)
    strncpy                                  0x0000fd59   Thumb Code   104  strncpy.o(.text)
    strcmp                                   0x0000fdc5   Thumb Code   132  strcmp.o(.text)
    __aeabi_uread4                           0x0000fe4d   Thumb Code    34  uread4.o(.text)
    __rt_uread4                              0x0000fe4d   Thumb Code     0  uread4.o(.text)
    __aeabi_uwrite4                          0x0000fe6f   Thumb Code    16  uwrite4.o(.text)
    __rt_uwrite4                             0x0000fe6f   Thumb Code     0  uwrite4.o(.text)
    __aeabi_uidiv                            0x0000fe7f   Thumb Code     0  aeabi_sdiv.o(.text)
    __aeabi_uidivmod                         0x0000fe7f   Thumb Code    20  aeabi_sdiv.o(.text)
    __aeabi_idiv                             0x0000fe93   Thumb Code     0  aeabi_sdiv.o(.text)
    __aeabi_idivmod                          0x0000fe93   Thumb Code   326  aeabi_sdiv.o(.text)
    __use_two_region_memory                  0x0000ffd9   Thumb Code     2  heapauxi.o(.text)
    __rt_heap_escrow$2region                 0x0000ffdb   Thumb Code     2  heapauxi.o(.text)
    __rt_heap_expand$2region                 0x0000ffdd   Thumb Code     2  heapauxi.o(.text)
    __aeabi_dadd                             0x000102d9   Thumb Code     0  daddsub.o(.text)
    _dadd                                    0x000102d9   Thumb Code    26  daddsub.o(.text)
    __aeabi_dsub                             0x000102f3   Thumb Code     0  daddsub.o(.text)
    _dsub                                    0x000102f3   Thumb Code    22  daddsub.o(.text)
    __aeabi_drsub                            0x00010309   Thumb Code     0  daddsub.o(.text)
    _drsb                                    0x00010309   Thumb Code    28  daddsub.o(.text)
    __aeabi_d2uiz                            0x00010339   Thumb Code     0  dfixui.o(.text)
    _dfixu                                   0x00010339   Thumb Code    68  dfixui.o(.text)
    __aeabi_f2d                              0x00010381   Thumb Code     0  f2d.o(.text)
    _f2d                                     0x00010381   Thumb Code    80  f2d.o(.text)
    __aeabi_fdiv                             0x000103d5   Thumb Code     0  fdiv.o(.text)
    _fdiv                                    0x000103d5   Thumb Code   334  fdiv.o(.text)
    _frdiv                                   0x00010523   Thumb Code     8  fdiv.o(.text)
    __aeabi_f2uiz                            0x00010535   Thumb Code     0  ffixui.o(.text)
    _ffixu                                   0x00010535   Thumb Code    48  ffixui.o(.text)
    __aeabi_i2f_normalise                    0x00010565   Thumb Code    72  fflti.o(.text)
    __aeabi_i2f                              0x000105ad   Thumb Code    16  fflti.o(.text)
    _fflt                                    0x000105ad   Thumb Code     0  fflti.o(.text)
    __aeabi_ui2f                             0x000105bd   Thumb Code     6  fflti.o(.text)
    _ffltu                                   0x000105bd   Thumb Code     0  fflti.o(.text)
    __ARM_scalbnf                            0x000105c5   Thumb Code    64  fscalbn.o(.text)
    __rt_locale                              0x00010609   Thumb Code     8  rt_locale_intlibspace.o(.text)
    __aeabi_errno_addr                       0x00010611   Thumb Code     8  rt_errno_addr_intlibspace.o(.text)
    __errno$intlibspace                      0x00010611   Thumb Code     0  rt_errno_addr_intlibspace.o(.text)
    __rt_errno_addr$intlibspace              0x00010611   Thumb Code     0  rt_errno_addr_intlibspace.o(.text)
    _printf_int_common                       0x00010619   Thumb Code   176  _printf_intcommon.o(.text)
    _printf_char_common                      0x000106d3   Thumb Code    32  _printf_char_common.o(.text)
    _sputc                                   0x000106f9   Thumb Code    10  _sputc.o(.text)
    _printf_cs_common                        0x00010703   Thumb Code    22  _printf_char.o(.text)
    _printf_char                             0x00010719   Thumb Code    16  _printf_char.o(.text)
    _printf_string                           0x00010729   Thumb Code     8  _printf_char.o(.text)
    _printf_char_file                        0x00010731   Thumb Code    34  _printf_char_file.o(.text)
    strtol                                   0x00010759   Thumb Code   108  strtol.o(.text)
    __strtok_internal                        0x000107c9   Thumb Code    66  strtok_int.o(.text)
    __rt_udiv10                              0x00010811   Thumb Code    40  rtudiv10.o(.text)
    __user_libspace                          0x00010839   Thumb Code     8  libspace.o(.text)
    __user_perproc_libspace                  0x00010839   Thumb Code     0  libspace.o(.text)
    __user_perthread_libspace                0x00010839   Thumb Code     0  libspace.o(.text)
    _strtoul                                 0x00010841   Thumb Code   166  _strtoul.o(.text)
    strcspn                                  0x000108e7   Thumb Code    34  strcspn.o(.text)
    strspn                                   0x00010909   Thumb Code    32  strspn.o(.text)
    __user_setup_stackheap                   0x00010929   Thumb Code    62  sys_stackheap_outer.o(.text)
    _chval                                   0x00010967   Thumb Code    30  _chval.o(.text)
    exit                                     0x00010985   Thumb Code    16  exit.o(.text)
    __decompress                             0x00010995   Thumb Code     0  __dczerorl2.o(.text)
    __decompress1                            0x00010995   Thumb Code    86  __dczerorl2.o(.text)
    __ARM_common_switch8                     0x000109eb   Thumb Code    26  socket.o(i.__ARM_common_switch8)
    _is_digit                                0x00010a05   Thumb Code    14  __printf_wp.o(i._is_digit)
    _get_lc_ctype                            0x00010a15   Thumb Code    44  lc_ctype_c.o(locale$$code)
    __aeabi_fadd                             0x00010a41   Thumb Code     0  faddsub.o(x$fpl$fadd)
    _fadd                                    0x00010a41   Thumb Code   134  faddsub.o(x$fpl$fadd)
    __aeabi_frsub                            0x00010acd   Thumb Code     0  faddsub.o(x$fpl$frsb)
    _frsb                                    0x00010acd   Thumb Code    24  faddsub.o(x$fpl$frsb)
    __aeabi_fsub                             0x00010ae5   Thumb Code     0  faddsub.o(x$fpl$fsub)
    _fsub                                    0x00010ae5   Thumb Code   204  faddsub.o(x$fpl$fsub)
    __I$use$fp                               0x00010bb4   Number         0  usenofp.o(x$fpl$usenofp)
    LED_PIN                                  0x00010bf4   Data           4  w7500x_board.o(.constdata)
    USER_IO_PIN                              0x00010c3c   Data           8  gpiohandler.o(.constdata)
    Region$$Table$$Base                      0x00011110   Number         0  anon$$obj.o(Region$$Table)
    Region$$Table$$Limit                     0x00011130   Number         0  anon$$obj.o(Region$$Table)
    __ctype                                  0x0001113d   Data           0  lc_ctype_c.o(locale$$data)
    SystemFrequency                          0x20000000   Data           4  system_w7500x.o(.data)
    SourceFrequency                          0x20000004   Data           4  system_w7500x.o(.data)
    WIZCHIP                                  0x20000020   Data          32  wizchip_conf.o(.data)
    PHY_ADDR                                 0x20000044   Data           4  w7500x_miim.o(.data)
    dhcp_state                               0x20000048   Data           1  dhcp.o(.data)
    dhcp_retry_count                         0x20000049   Data           1  dhcp.o(.data)
    DHCP_SOCKET                              0x2000004a   Data           1  dhcp.o(.data)
    OLD_allocated_ip                         0x2000004b   Data           4  dhcp.o(.data)
    DHCP_allocated_ip                        0x2000004f   Data           4  dhcp.o(.data)
    DHCP_allocated_gw                        0x20000053   Data           4  dhcp.o(.data)
    DHCP_allocated_sn                        0x20000057   Data           4  dhcp.o(.data)
    DHCP_allocated_dns                       0x2000005b   Data           4  dhcp.o(.data)
    dhcp_lease_time                          0x20000060   Data           4  dhcp.o(.data)
    dhcp_tick_1s                             0x20000064   Data           4  dhcp.o(.data)
    dhcp_tick_next                           0x20000068   Data           4  dhcp.o(.data)
    dhcp_ip_assign                           0x2000006c   Data           4  dhcp.o(.data)
    dhcp_ip_update                           0x20000070   Data           4  dhcp.o(.data)
    dhcp_ip_conflict                         0x20000074   Data           4  dhcp.o(.data)
    DHCP_SIP                                 0x20000078   Data           4  dhcp.o(.data)
    DHCP_XID                                 0x2000007c   Data           4  dhcp.o(.data)
    pDHCPMSG                                 0x20000080   Data           4  dhcp.o(.data)
    DHCP_CHADDR                              0x20000084   Data           6  dhcp.o(.data)
    HOST_NAME                                0x2000008a   Data           8  dhcp.o(.data)
    DNS_SOCKET                               0x20000095   Data           1  dns.o(.data)
    DNS_MSGID                                0x20000096   Data           2  dns.o(.data)
    pDNSMSG                                  0x20000098   Data           4  dns.o(.data)
    dns_1s_tick                              0x2000009c   Data           4  dns.o(.data)
    __stdout                                 0x200000a0   Data           4  retarget.o(.data)
    flag_hw_trig_enable                      0x200000a8   Data           1  w7500x_board.o(.data)
    LED_PAD                                  0x200000a9   Data           2  w7500x_board.o(.data)
    LED_PAD_AF                               0x200000ab   Data           2  w7500x_board.o(.data)
    LED_PORT                                 0x200000b0   Data           8  w7500x_board.o(.data)
    phylink_check_time_msec                  0x200000b8   Data           2  w7500x_board.o(.data)
    flag_check_phylink                       0x200000ba   Data           1  w7500x_board.o(.data)
    flag_s2e_application_running             0x200000bb   Data           1  seg.o(.data)
    opmode                                   0x200000bc   Data           1  seg.o(.data)
    enable_inactivity_timer                  0x200000bf   Data           1  seg.o(.data)
    enable_keepalive_timer                   0x200000c0   Data           1  seg.o(.data)
    enable_modeswitch_timer                  0x200000c1   Data           1  seg.o(.data)
    enable_reconnection_timer                0x200000c2   Data           1  seg.o(.data)
    enable_serial_input_timer                0x200000c3   Data           1  seg.o(.data)
    flag_serial_input_time_elapse            0x200000c4   Data           1  seg.o(.data)
    enable_connection_auth_timer             0x200000c5   Data           1  seg.o(.data)
    flag_connect_pw_auth                     0x200000c6   Data           1  seg.o(.data)
    flag_sent_keepalive                      0x200000c7   Data           1  seg.o(.data)
    flag_sent_first_keepalive                0x200000c8   Data           1  seg.o(.data)
    isXON                                    0x200000c9   Data           1  seg.o(.data)
    flag_process_dns_success                 0x200000ca   Data           1  seg.o(.data)
    isSocketOpen_TCPclient                   0x200000cb   Data           1  seg.o(.data)
    tmp_timeflag_for_debug                   0x200000cc   Data           1  seg.o(.data)
    inactivity_time                          0x200000d2   Data           2  seg.o(.data)
    keepalive_time                           0x200000d4   Data           2  seg.o(.data)
    modeswitch_time                          0x200000d6   Data           2  seg.o(.data)
    modeswitch_gap_time                      0x200000d8   Data           2  seg.o(.data)
    reconnection_time                        0x200000da   Data           2  seg.o(.data)
    serial_input_time                        0x200000dc   Data           2  seg.o(.data)
    connection_auth_time                     0x200000de   Data           2  seg.o(.data)
    u2e_size                                 0x200000e0   Data           2  seg.o(.data)
    e2u_size                                 0x200000e2   Data           2  seg.o(.data)
    peerport                                 0x200000e4   Data           2  seg.o(.data)
    s2e_uart_rx_bytecount                    0x200000ec   Data           4  seg.o(.data)
    s2e_uart_tx_bytecount                    0x200000f0   Data           4  seg.o(.data)
    s2e_ether_rx_bytecount                   0x200000f4   Data           4  seg.o(.data)
    s2e_ether_tx_bytecount                   0x200000f8   Data           4  seg.o(.data)
    peerip                                   0x200000fc   Data           4  seg.o(.data)
    peerip_tmp                               0x20000100   Data           4  seg.o(.data)
    str_working                              0x20000104   Data          16  seg.o(.data)
    flag_process_dhcp_success                0x20000114   Data           1  seg.o(.data)
    gSEGCPPRIVILEGE                          0x20000118   Data           1  segcp.o(.data)
    enable_configtool_keepalive_timer        0x20000119   Data           1  segcp.o(.data)
    flag_send_configtool_keepalive           0x2000011a   Data           1  segcp.o(.data)
    configtool_keepalive_time                0x2000011c   Data           2  segcp.o(.data)
    strDEVSTATUS                             0x20000124   Data          28  segcp.o(.data)
    tbSEGCPCMD                               0x20000140   Data         304  segcp.o(.data)
    tbSEGCPERR                               0x20000270   Data          28  segcp.o(.data)
    flag_ringbuf_full                        0x200002a0   Data           1  uarthandler.o(.data)
    UART_data_irq                            0x200002a1   Data           1  uarthandler.o(.data)
    data_rx_wr                               0x200002a6   Data           2  uarthandler.o(.data)
    data_rx_rd                               0x200002a8   Data           2  uarthandler.o(.data)
    data_rx_sz                               0x200002aa   Data           2  uarthandler.o(.data)
    UART_data                                0x200002ac   Data           4  uarthandler.o(.data)
    word_len_table                           0x200002b0   Data           3  uarthandler.o(.data)
    parity_table                             0x200002b4   Data          12  uarthandler.o(.data)
    stop_bit_table                           0x200002c0   Data           2  uarthandler.o(.data)
    flow_ctrl_table                          0x200002c4   Data          16  uarthandler.o(.data)
    uart_if_table                            0x200002d4   Data           8  uarthandler.o(.data)
    enable_fw_update_timer                   0x200002dc   Data           1  devicehandler.o(.data)
    flag_fw_update_timeout                   0x200002dd   Data           1  devicehandler.o(.data)
    enable_fw_from_network_timer             0x200002de   Data           1  devicehandler.o(.data)
    flag_fw_from_network_timeout             0x200002df   Data           1  devicehandler.o(.data)
    flag_fw_from_server_failed               0x200002e0   Data           1  devicehandler.o(.data)
    fw_update_time                           0x200002e2   Data           2  devicehandler.o(.data)
    fw_from_network_time                     0x200002e4   Data           2  devicehandler.o(.data)
    USER_IO_ADC_CH                           0x200002f9   Data           4  gpiohandler.o(.data)
    USER_IO_PORT                             0x20000300   Data          16  gpiohandler.o(.data)
    USER_IO_SEL                              0x20000310   Data           4  gpiohandler.o(.data)
    USER_IO_TYPE_STR                         0x20000314   Data           8  gpiohandler.o(.data)
    USER_IO_DIR_STR                          0x2000031c   Data           8  gpiohandler.o(.data)
    g_send_buf                               0x20000338   Data        2048  main.o(.bss)
    g_recv_buf                               0x20000b38   Data        2048  main.o(.bss)
    data_rx_buf                              0x20001831   Data        4096  uarthandler.o(.bss)
    _random_number_data                      0x20002834   Data         228  rand.o(.bss)
    __libspace_start                         0x20002918   Data          96  libspace.o(.bss)
    __temporary_stack_top$libspace           0x20002978   Data           0  libspace.o(.bss)



==============================================================================

Memory Map of the image

  Image Entry point : 0x000070a9

  Load Region LR_IROM1 (Base: 0x00007000, Size: 0x0000a568, Max: 0x00020000, ABSOLUTE, COMPRESSED[0x0000a3f0])

    Execution Region ER_IROM1 (Exec base: 0x00007000, Load base: 0x00007000, Size: 0x0000a240, Max: 0x00020000, ABSOLUTE)

    Exec Addr    Load Addr    Size         Type   Attr      Idx    E Section Name        Object

    0x00007000   0x00007000   0x000000a8   Data   RO            3    RESET               startup_w7500x.o
    0x000070a8   0x000070a8   0x00000008   Code   RO         1211  * !!!main             c_p.l(__main.o)
    0x000070b0   0x000070b0   0x0000003c   Code   RO         1438    !!!scatter          c_p.l(__scatter.o)
    0x000070ec   0x000070ec   0x0000001c   Code   RO         1440    !!handler_zi        c_p.l(__scatter_zi.o)
    0x00007108   0x00007108   0x00000002   Code   RO         1162    .ARM.Collect$$_printf_percent$$00000000  c_p.l(_printf_percent.o)
    0x0000710a   0x0000710a   0x0000000a   Code   RO         1160    .ARM.Collect$$_printf_percent$$00000009  c_p.l(_printf_d.o)
    0x00007114   0x00007114   0x0000000a   Code   RO         1161    .ARM.Collect$$_printf_percent$$0000000A  c_p.l(_printf_u.o)
    0x0000711e   0x0000711e   0x0000000a   Code   RO         1159    .ARM.Collect$$_printf_percent$$0000000C  c_p.l(_printf_x.o)
    0x00007128   0x00007128   0x0000000a   Code   RO         1157    .ARM.Collect$$_printf_percent$$00000013  c_p.l(_printf_c.o)
    0x00007132   0x00007132   0x0000000a   Code   RO         1158    .ARM.Collect$$_printf_percent$$00000014  c_p.l(_printf_s.o)
    0x0000713c   0x0000713c   0x00000004   Code   RO         1259    .ARM.Collect$$_printf_percent$$00000017  c_p.l(_printf_percent_end.o)
    0x00007140   0x00007140   0x00000002   Code   RO         1367    .ARM.Collect$$libinit$$00000000  c_p.l(libinit.o)
    0x00007142   0x00007142   0x00000000   Code   RO         1270    .ARM.Collect$$libinit$$00000002  c_p.l(libinit2.o)
    0x00007142   0x00007142   0x00000000   Code   RO         1272    .ARM.Collect$$libinit$$00000004  c_p.l(libinit2.o)
    0x00007142   0x00007142   0x00000000   Code   RO         1275    .ARM.Collect$$libinit$$0000000A  c_p.l(libinit2.o)
    0x00007142   0x00007142   0x00000000   Code   RO         1277    .ARM.Collect$$libinit$$0000000C  c_p.l(libinit2.o)
    0x00007142   0x00007142   0x00000004   Code   RO         1278    .ARM.Collect$$libinit$$0000000D  c_p.l(libinit2.o)
    0x00007146   0x00007146   0x00000000   Code   RO         1279    .ARM.Collect$$libinit$$0000000E  c_p.l(libinit2.o)
    0x00007146   0x00007146   0x00000006   Code   RO         1280    .ARM.Collect$$libinit$$0000000F  c_p.l(libinit2.o)
    0x0000714c   0x0000714c   0x00000000   Code   RO         1282    .ARM.Collect$$libinit$$00000011  c_p.l(libinit2.o)
    0x0000714c   0x0000714c   0x0000000c   Code   RO         1283    .ARM.Collect$$libinit$$00000012  c_p.l(libinit2.o)
    0x00007158   0x00007158   0x00000000   Code   RO         1284    .ARM.Collect$$libinit$$00000013  c_p.l(libinit2.o)
    0x00007158   0x00007158   0x00000000   Code   RO         1286    .ARM.Collect$$libinit$$00000015  c_p.l(libinit2.o)
    0x00007158   0x00007158   0x00000000   Code   RO         1288    .ARM.Collect$$libinit$$00000017  c_p.l(libinit2.o)
    0x00007158   0x00007158   0x00000000   Code   RO         1290    .ARM.Collect$$libinit$$00000019  c_p.l(libinit2.o)
    0x00007158   0x00007158   0x00000000   Code   RO         1292    .ARM.Collect$$libinit$$0000001B  c_p.l(libinit2.o)
    0x00007158   0x00007158   0x00000000   Code   RO         1294    .ARM.Collect$$libinit$$0000001D  c_p.l(libinit2.o)
    0x00007158   0x00007158   0x00000000   Code   RO         1296    .ARM.Collect$$libinit$$0000001F  c_p.l(libinit2.o)
    0x00007158   0x00007158   0x00000000   Code   RO         1298    .ARM.Collect$$libinit$$00000021  c_p.l(libinit2.o)
    0x00007158   0x00007158   0x00000000   Code   RO         1300    .ARM.Collect$$libinit$$00000023  c_p.l(libinit2.o)
    0x00007158   0x00007158   0x00000000   Code   RO         1302    .ARM.Collect$$libinit$$00000025  c_p.l(libinit2.o)
    0x00007158   0x00007158   0x00000000   Code   RO         1306    .ARM.Collect$$libinit$$0000002C  c_p.l(libinit2.o)
    0x00007158   0x00007158   0x00000000   Code   RO         1308    .ARM.Collect$$libinit$$0000002E  c_p.l(libinit2.o)
    0x00007158   0x00007158   0x00000000   Code   RO         1310    .ARM.Collect$$libinit$$00000030  c_p.l(libinit2.o)
    0x00007158   0x00007158   0x00000000   Code   RO         1312    .ARM.Collect$$libinit$$00000032  c_p.l(libinit2.o)
    0x00007158   0x00007158   0x00000002   Code   RO         1313    .ARM.Collect$$libinit$$00000033  c_p.l(libinit2.o)
    0x0000715a   0x0000715a   0x00000002   Code   RO         1403    .ARM.Collect$$libshutdown$$00000000  c_p.l(libshutdown.o)
    0x0000715c   0x0000715c   0x00000000   Code   RO         1419    .ARM.Collect$$libshutdown$$00000002  c_p.l(libshutdown2.o)
    0x0000715c   0x0000715c   0x00000000   Code   RO         1421    .ARM.Collect$$libshutdown$$00000004  c_p.l(libshutdown2.o)
    0x0000715c   0x0000715c   0x00000000   Code   RO         1424    .ARM.Collect$$libshutdown$$00000007  c_p.l(libshutdown2.o)
    0x0000715c   0x0000715c   0x00000000   Code   RO         1427    .ARM.Collect$$libshutdown$$0000000A  c_p.l(libshutdown2.o)
    0x0000715c   0x0000715c   0x00000000   Code   RO         1429    .ARM.Collect$$libshutdown$$0000000C  c_p.l(libshutdown2.o)
    0x0000715c   0x0000715c   0x00000000   Code   RO         1432    .ARM.Collect$$libshutdown$$0000000F  c_p.l(libshutdown2.o)
    0x0000715c   0x0000715c   0x00000002   Code   RO         1433    .ARM.Collect$$libshutdown$$00000010  c_p.l(libshutdown2.o)
    0x0000715e   0x0000715e   0x00000000   Code   RO         1234    .ARM.Collect$$rtentry$$00000000  c_p.l(__rtentry.o)
    0x0000715e   0x0000715e   0x00000000   Code   RO         1319    .ARM.Collect$$rtentry$$00000002  c_p.l(__rtentry2.o)
    0x0000715e   0x0000715e   0x00000006   Code   RO         1331    .ARM.Collect$$rtentry$$00000004  c_p.l(__rtentry4.o)
    0x00007164   0x00007164   0x00000000   Code   RO         1321    .ARM.Collect$$rtentry$$00000009  c_p.l(__rtentry2.o)
    0x00007164   0x00007164   0x00000004   Code   RO         1322    .ARM.Collect$$rtentry$$0000000A  c_p.l(__rtentry2.o)
    0x00007168   0x00007168   0x00000000   Code   RO         1324    .ARM.Collect$$rtentry$$0000000C  c_p.l(__rtentry2.o)
    0x00007168   0x00007168   0x00000008   Code   RO         1325    .ARM.Collect$$rtentry$$0000000D  c_p.l(__rtentry2.o)
    0x00007170   0x00007170   0x00000002   Code   RO         1371    .ARM.Collect$$rtexit$$00000000  c_p.l(rtexit.o)
    0x00007172   0x00007172   0x00000000   Code   RO         1387    .ARM.Collect$$rtexit$$00000002  c_p.l(rtexit2.o)
    0x00007172   0x00007172   0x00000004   Code   RO         1388    .ARM.Collect$$rtexit$$00000003  c_p.l(rtexit2.o)
    0x00007176   0x00007176   0x00000006   Code   RO         1389    .ARM.Collect$$rtexit$$00000004  c_p.l(rtexit2.o)
    0x0000717c   0x0000717c   0x00000038   Code   RO         1167    .emb_text           c_p.l(rand.o)
    0x000071b4   0x000071b4   0x00000038   Code   RO         1189    .emb_text           c_p.l(rt_memcpy.o)
    0x000071ec   0x000071ec   0x00000038   Code   RO            4    .text               startup_w7500x.o
    0x00007224   0x00007224   0x000000f4   Code   RO           12    .text               system_w7500x.o
    0x00007318   0x00007318   0x0000006a   Code   RO           55    .text               w7500x_adc.o
    0x00007382   0x00007382   0x00000002   PAD
    0x00007384   0x00007384   0x00000108   Code   RO           79    .text               w7500x_dualtimer.o
    0x0000748c   0x0000748c   0x00000318   Code   RO          129    .text               w7500x_gpio.o
    0x000077a4   0x000077a4   0x0000027c   Code   RO          200    .text               w7500x_uart.o
    0x00007a20   0x00007a20   0x000000b4   Code   RO          248    .text               w7500x_wztoe.o
    0x00007ad4   0x00007ad4   0x00000ab4   Code   RO          349    .text               socket.o
    0x00008588   0x00008588   0x000005d0   Code   RO          381    .text               wizchip_conf.o
    0x00008b58   0x00008b58   0x0000026c   Code   RO          415    .text               w7500x_miim.o
    0x00008dc4   0x00008dc4   0x00000bac   Code   RO          442    .text               dhcp.o
    0x00009970   0x00009970   0x000003b0   Code   RO          469    .text               dns.o
    0x00009d20   0x00009d20   0x0000008a   Code   RO          529    .text               dhcp_cb.o
    0x00009daa   0x00009daa   0x00000002   PAD
    0x00009dac   0x00009dac   0x00000060   Code   RO          552    .text               w7500x_it.o
    0x00009e0c   0x00009e0c   0x00000028   Code   RO          586    .text               retarget.o
    0x00009e34   0x00009e34   0x00000ca0   Code   RO          623    .text               main.o
    0x0000aad4   0x0000aad4   0x000001b8   Code   RO          683    .text               w7500x_board.o
    0x0000ac8c   0x0000ac8c   0x00001620   Code   RO          713    .text               seg.o
    0x0000c2ac   0x0000c2ac   0x00000660   Code   RO          762    .text               configdata.o
    0x0000c90c   0x0000c90c   0x00001334   Code   RO          795    .text               segcp.o
    0x0000dc40   0x0000dc40   0x00000216   Code   RO          839    .text               util.o
    0x0000de56   0x0000de56   0x00000002   PAD
    0x0000de58   0x0000de58   0x00000150   Code   RO          859    .text               flashhandler.o
    0x0000dfa8   0x0000dfa8   0x00000100   Code   RO          881    .text               storagehandler.o
    0x0000e0a8   0x0000e0a8   0x00000158   Code   RO          901    .text               timerhandler.o
    0x0000e200   0x0000e200   0x00000654   Code   RO          930    .text               uarthandler.o
    0x0000e854   0x0000e854   0x00000928   Code   RO          973    .text               devicehandler.o
    0x0000f17c   0x0000f17c   0x00000550   Code   RO         1009    .text               gpiohandler.o
    0x0000f6cc   0x0000f6cc   0x00000002   Code   RO         1094    .text               c_p.l(use_no_semi.o)
    0x0000f6ce   0x0000f6ce   0x00000002   PAD
    0x0000f6d0   0x0000f6d0   0x00000010   Code   RO         1096    .text               c_p.l(rt_ctype_table.o)
    0x0000f6e0   0x0000f6e0   0x0000001e   Code   RO         1098    .text               c_p.l(toupper.o)
    0x0000f6fe   0x0000f6fe   0x00000002   PAD
    0x0000f700   0x0000f700   0x0000001c   Code   RO         1100    .text               c_p.l(__2printf.o)
    0x0000f71c   0x0000f71c   0x0000002c   Code   RO         1102    .text               c_p.l(__2sprintf.o)
    0x0000f748   0x0000f748   0x0000004e   Code   RO         1110    .text               c_p.l(_printf_pad.o)
    0x0000f796   0x0000f796   0x00000052   Code   RO         1112    .text               c_p.l(_printf_str.o)
    0x0000f7e8   0x0000f7e8   0x0000006c   Code   RO         1114    .text               c_p.l(_printf_dec.o)
    0x0000f854   0x0000f854   0x00000058   Code   RO         1119    .text               c_p.l(_printf_hex_int.o)
    0x0000f8ac   0x0000f8ac   0x00000188   Code   RO         1154    .text               c_p.l(__printf_flags_ss_wp.o)
    0x0000fa34   0x0000fa34   0x0000001a   Code   RO         1163    .text               c_p.l(atoi.o)
    0x0000fa4e   0x0000fa4e   0x0000001a   Code   RO         1165    .text               c_p.l(atol.o)
    0x0000fa68   0x0000fa68   0x0000003c   Code   RO         1168    .text               c_p.l(rand.o)
    0x0000faa4   0x0000faa4   0x00000010   Code   RO         1172    .text               c_p.l(strtok.o)
    0x0000fab4   0x0000fab4   0x00000014   Code   RO         1175    .text               c_p.l(strchr.o)
    0x0000fac8   0x0000fac8   0x00000028   Code   RO         1177    .text               c_p.l(strstr.o)
    0x0000faf0   0x0000faf0   0x0000005a   Code   RO         1179    .text               c_p.l(memcmp.o)
    0x0000fb4a   0x0000fb4a   0x00000002   PAD
    0x0000fb4c   0x0000fb4c   0x0000004c   Code   RO         1181    .text               c_p.l(strcpy.o)
    0x0000fb98   0x0000fb98   0x00000044   Code   RO         1183    .text               c_p.l(strlen.o)
    0x0000fbdc   0x0000fbdc   0x000000a0   Code   RO         1185    .text               c_p.l(strncmp.o)
    0x0000fc7c   0x0000fc7c   0x00000018   Code   RO         1187    .text               c_p.l(strcat.o)
    0x0000fc94   0x0000fc94   0x00000082   Code   RO         1190    .text               c_p.l(rt_memcpy.o)
    0x0000fd16   0x0000fd16   0x00000040   Code   RO         1195    .text               c_p.l(rt_memclr.o)
    0x0000fd56   0x0000fd56   0x00000002   PAD
    0x0000fd58   0x0000fd58   0x0000006c   Code   RO         1197    .text               c_p.l(strncpy.o)
    0x0000fdc4   0x0000fdc4   0x00000088   Code   RO         1199    .text               c_p.l(strcmp.o)
    0x0000fe4c   0x0000fe4c   0x00000022   Code   RO         1201    .text               c_p.l(uread4.o)
    0x0000fe6e   0x0000fe6e   0x00000010   Code   RO         1203    .text               c_p.l(uwrite4.o)
    0x0000fe7e   0x0000fe7e   0x0000015a   Code   RO         1205    .text               c_p.l(aeabi_sdiv.o)
    0x0000ffd8   0x0000ffd8   0x00000006   Code   RO         1209    .text               c_p.l(heapauxi.o)
    0x0000ffde   0x0000ffde   0x00000002   PAD
    0x0000ffe0   0x0000ffe0   0x00000358   Code   RO         1213    .text               fz_ps.l(daddsub.o)
    0x00010338   0x00010338   0x00000048   Code   RO         1215    .text               fz_ps.l(dfixui.o)
    0x00010380   0x00010380   0x00000054   Code   RO         1217    .text               fz_ps.l(f2d.o)
    0x000103d4   0x000103d4   0x00000160   Code   RO         1225    .text               fz_ps.l(fdiv.o)
    0x00010534   0x00010534   0x00000030   Code   RO         1228    .text               fz_ps.l(ffixui.o)
    0x00010564   0x00010564   0x0000005e   Code   RO         1230    .text               fz_ps.l(fflti.o)
    0x000105c2   0x000105c2   0x00000002   PAD
    0x000105c4   0x000105c4   0x00000044   Code   RO         1232    .text               fz_ps.l(fscalbn.o)
    0x00010608   0x00010608   0x00000008   Code   RO         1242    .text               c_p.l(rt_locale_intlibspace.o)
    0x00010610   0x00010610   0x00000008   Code   RO         1247    .text               c_p.l(rt_errno_addr_intlibspace.o)
    0x00010618   0x00010618   0x000000b0   Code   RO         1249    .text               c_p.l(_printf_intcommon.o)
    0x000106c8   0x000106c8   0x00000030   Code   RO         1251    .text               c_p.l(_printf_char_common.o)
    0x000106f8   0x000106f8   0x0000000a   Code   RO         1253    .text               c_p.l(_sputc.o)
    0x00010702   0x00010702   0x0000002e   Code   RO         1255    .text               c_p.l(_printf_char.o)
    0x00010730   0x00010730   0x00000028   Code   RO         1257    .text               c_p.l(_printf_char_file.o)
    0x00010758   0x00010758   0x00000070   Code   RO         1260    .text               c_p.l(strtol.o)
    0x000107c8   0x000107c8   0x00000048   Code   RO         1265    .text               c_p.l(strtok_int.o)
    0x00010810   0x00010810   0x00000028   Code   RO         1267    .text               c_p.l(rtudiv10.o)
    0x00010838   0x00010838   0x00000008   Code   RO         1315    .text               c_p.l(libspace.o)
    0x00010840   0x00010840   0x000000a6   Code   RO         1337    .text               c_p.l(_strtoul.o)
    0x000108e6   0x000108e6   0x00000022   Code   RO         1339    .text               c_p.l(strcspn.o)
    0x00010908   0x00010908   0x00000020   Code   RO         1341    .text               c_p.l(strspn.o)
    0x00010928   0x00010928   0x0000003e   Code   RO         1347    .text               c_p.l(sys_stackheap_outer.o)
    0x00010966   0x00010966   0x0000001e   Code   RO         1350    .text               c_p.l(_chval.o)
    0x00010984   0x00010984   0x00000010   Code   RO         1352    .text               c_p.l(exit.o)
    0x00010994   0x00010994   0x00000056   Code   RO         1436    .text               c_p.l(__dczerorl2.o)
    0x000109ea   0x000109ea   0x0000001a   Code   RO          367    i.__ARM_common_switch8  socket.o
    0x00010a04   0x00010a04   0x0000000e   Code   RO         1147    i._is_digit         c_p.l(__printf_wp.o)
    0x00010a12   0x00010a12   0x00000002   PAD
    0x00010a14   0x00010a14   0x0000002c   Code   RO         1263    locale$$code        c_p.l(lc_ctype_c.o)
    0x00010a40   0x00010a40   0x0000008c   Code   RO         1219    x$fpl$fadd          fz_ps.l(faddsub.o)
    0x00010acc   0x00010acc   0x00000018   Code   RO         1220    x$fpl$frsb          fz_ps.l(faddsub.o)
    0x00010ae4   0x00010ae4   0x000000d0   Code   RO         1221    x$fpl$fsub          fz_ps.l(faddsub.o)
    0x00010bb4   0x00010bb4   0x00000000   Code   RO         1314    x$fpl$usenofp       fz_ps.l(usenofp.o)
    0x00010bb4   0x00010bb4   0x00000040   Data   RO          626    .constdata          main.o
    0x00010bf4   0x00010bf4   0x00000004   Data   RO          684    .constdata          w7500x_board.o
    0x00010bf8   0x00010bf8   0x00000040   Data   RO          932    .constdata          uarthandler.o
    0x00010c38   0x00010c38   0x00000004   Data   RO          974    .constdata          devicehandler.o
    0x00010c3c   0x00010c3c   0x00000008   Data   RO         1010    .constdata          gpiohandler.o
    0x00010c44   0x00010c44   0x00000028   Data   RO         1120    .constdata          c_p.l(_printf_hex_int.o)
    0x00010c6c   0x00010c6c   0x00000011   Data   RO         1155    .constdata          c_p.l(__printf_flags_ss_wp.o)
    0x00010c7d   0x00010c7d   0x00000040   Data   RO         1226    .constdata          fz_ps.l(fdiv.o)
    0x00010cbd   0x00010cbd   0x00000003   PAD
    0x00010cc0   0x00010cc0   0x0000003c   Data   RO          714    .conststring        seg.o
    0x00010cfc   0x00010cfc   0x000000d9   Data   RO          715    .conststring        seg.o
    0x00010dd5   0x00010dd5   0x00000003   PAD
    0x00010dd8   0x00010dd8   0x000001af   Data   RO          797    .conststring        segcp.o
    0x00010f87   0x00010f87   0x00000001   PAD
    0x00010f88   0x00010f88   0x0000000e   Data   RO          933    .conststring        uarthandler.o
    0x00010f96   0x00010f96   0x00000002   PAD
    0x00010f98   0x00010f98   0x00000025   Data   RO          934    .conststring        uarthandler.o
    0x00010fbd   0x00010fbd   0x00000003   PAD
    0x00010fc0   0x00010fc0   0x00000017   Data   RO          935    .conststring        uarthandler.o
    0x00010fd7   0x00010fd7   0x00000001   PAD
    0x00010fd8   0x00010fd8   0x00000116   Data   RO          975    .conststring        devicehandler.o
    0x000110ee   0x000110ee   0x00000002   PAD
    0x000110f0   0x000110f0   0x00000010   Data   RO         1012    .conststring        gpiohandler.o
    0x00011100   0x00011100   0x0000000f   Data   RO         1013    .conststring        gpiohandler.o
    0x0001110f   0x0001110f   0x00000001   PAD
    0x00011110   0x00011110   0x00000020   Data   RO         1434    Region$$Table       anon$$obj.o
    0x00011130   0x00011130   0x00000110   Data   RO         1262    locale$$data        c_p.l(lc_ctype_c.o)


    Execution Region RW_IRAM1 (Exec base: 0x20000000, Load base: 0x00011240, Size: 0x00003578, Max: 0x00004000, ABSOLUTE, COMPRESSED[0x000001b0])

    Exec Addr    Load Addr    Size         Type   Attr      Idx    E Section Name        Object

    0x20000000   COMPRESSED   0x00000008   Data   RW           13    .data               system_w7500x.o
    0x20000008   COMPRESSED   0x0000000e   Data   RW          351    .data               socket.o
    0x20000016   COMPRESSED   0x00000002   PAD
    0x20000018   COMPRESSED   0x00000028   Data   RW          382    .data               wizchip_conf.o
    0x20000040   COMPRESSED   0x00000008   Data   RW          416    .data               w7500x_miim.o
    0x20000048   COMPRESSED   0x0000004a   Data   RW          443    .data               dhcp.o
    0x20000092   COMPRESSED   0x00000002   PAD
    0x20000094   COMPRESSED   0x0000000c   Data   RW          470    .data               dns.o
    0x200000a0   COMPRESSED   0x00000004   Data   RW          587    .data               retarget.o
    0x200000a4   COMPRESSED   0x00000004   Data   RW          627    .data               main.o
    0x200000a8   COMPRESSED   0x00000010   Data   RW          685    .data               w7500x_board.o
    0x200000b8   COMPRESSED   0x00000002   Data   RW          686    .data               w7500x_board.o
    0x200000ba   COMPRESSED   0x00000001   Data   RW          687    .data               w7500x_board.o
    0x200000bb   COMPRESSED   0x00000001   Data   RW          716    .data               seg.o
    0x200000bc   COMPRESSED   0x00000048   Data   RW          717    .data               seg.o
    0x20000104   COMPRESSED   0x00000010   Data   RW          718    .data               seg.o
    0x20000114   COMPRESSED   0x00000001   Data   RW          719    .data               seg.o
    0x20000115   COMPRESSED   0x00000003   PAD
    0x20000118   COMPRESSED   0x00000174   Data   RW          798    .data               segcp.o
    0x2000028c   COMPRESSED   0x00000014   Data   RW          902    .data               timerhandler.o
    0x200002a0   COMPRESSED   0x00000010   Data   RW          936    .data               uarthandler.o
    0x200002b0   COMPRESSED   0x00000003   Data   RW          937    .data               uarthandler.o
    0x200002b3   COMPRESSED   0x00000001   PAD
    0x200002b4   COMPRESSED   0x0000000c   Data   RW          938    .data               uarthandler.o
    0x200002c0   COMPRESSED   0x00000002   Data   RW          939    .data               uarthandler.o
    0x200002c2   COMPRESSED   0x00000002   PAD
    0x200002c4   COMPRESSED   0x00000010   Data   RW          940    .data               uarthandler.o
    0x200002d4   COMPRESSED   0x00000008   Data   RW          941    .data               uarthandler.o
    0x200002dc   COMPRESSED   0x0000001c   Data   RW          976    .data               devicehandler.o
    0x200002f8   COMPRESSED   0x00000018   Data   RW         1015    .data               gpiohandler.o
    0x20000310   COMPRESSED   0x00000004   Data   RW         1016    .data               gpiohandler.o
    0x20000314   COMPRESSED   0x00000008   Data   RW         1019    .data               gpiohandler.o
    0x2000031c   COMPRESSED   0x00000008   Data   RW         1020    .data               gpiohandler.o
    0x20000324   COMPRESSED   0x00000004   Data   RW         1173    .data               c_p.l(strtok.o)
    0x20000328        -       0x00000010   Zero   RW          350    .bss                socket.o
    0x20000338        -       0x00000800   Zero   RW          624    .bss                main.o
    0x20000b38        -       0x00000800   Zero   RW          625    .bss                main.o
    0x20001338        -       0x000000f9   Zero   RW          763    .bss                configdata.o
    0x20001431        -       0x00000400   Zero   RW          796    .bss                segcp.o
    0x20001831        -       0x00001000   Zero   RW          931    .bss                uarthandler.o
    0x20002831   COMPRESSED   0x00000003   PAD
    0x20002834        -       0x000000e4   Zero   RW         1169    .bss                c_p.l(rand.o)
    0x20002918        -       0x00000060   Zero   RW         1316    .bss                c_p.l(libspace.o)
    0x20002978        -       0x00000400   Zero   RW            2    HEAP                startup_w7500x.o
    0x20002d78        -       0x00000800   Zero   RW            1    STACK               startup_w7500x.o


==============================================================================

Image component sizes


      Code (inc. data)   RO Data    RW Data    ZI Data      Debug   Object Name

      1632        412          0          0        249       6988   configdata.o
      2344        742        282         28          0      12910   devicehandler.o
      2988         84          0         74          0       9723   dhcp.o
       138          0          0          0          0       3478   dhcp_cb.o
       944         32          0         12          0       6232   dns.o
       336         22          0          0          0       2798   flashhandler.o
      1360         20         39         44          0       8541   gpiohandler.o
      3232       1754         64          4       4096      12765   main.o
        40          0          0          4          0       2914   retarget.o
      5664        796        277         90          0      18034   seg.o
      4916        760        431        372       1024      15629   segcp.o
      2766        102          0         14         16      12993   socket.o
        56         26        168          0       3072        784   startup_w7500x.o
       256         30          0          0          0       2187   storagehandler.o
       244         24          0          8          0      23937   system_w7500x.o
       344         20          0         20          0       3578   timerhandler.o
      1620         64        138         57       4096      15811   uarthandler.o
       534          0          0          0          0       4068   util.o
       106          0          0          0          0       2704   w7500x_adc.o
       440         22          4         19          0       6557   w7500x_board.o
       264          8          0          0          0       5583   w7500x_dualtimer.o
         0          0          0          0          0       2644   w7500x_exti.o
       792         16          0          0          0      12095   w7500x_gpio.o
        96          8          0          0          0       3222   w7500x_it.o
       620         38          0          8          0       4390   w7500x_miim.o
       636         30          0          0          0      13548   w7500x_uart.o
       180         12          0          0          0       2746   w7500x_wztoe.o
      1488         84          0         40          0      10394   wizchip_conf.o

    ----------------------------------------------------------------------
     34042       5106       1448        804      12556     227253   Object Totals
         0          0         32          0          0          0   (incl. Generated)
         6          0         13         10          3          0   (incl. Padding)

    ----------------------------------------------------------------------

      Code (inc. data)   RO Data    RW Data    ZI Data      Debug   Library Member Name

        28          6          0          0          0         84   __2printf.o
        44          4          0          0          0         84   __2sprintf.o
        86          0          0          0          0          0   __dczerorl2.o
         8          0          0          0          0         68   __main.o
       392          6         17          0          0         76   __printf_flags_ss_wp.o
        14          0          0          0          0         60   __printf_wp.o
         0          0          0          0          0          0   __rtentry.o
        12          0          0          0          0          0   __rtentry2.o
         6          0          0          0          0          0   __rtentry4.o
        60          8          0          0          0          0   __scatter.o
        28          0          0          0          0          0   __scatter_zi.o
        30          0          0          0          0         60   _chval.o
        10          0          0          0          0          0   _printf_c.o
        46          0          0          0          0        100   _printf_char.o
        48          6          0          0          0         88   _printf_char_common.o
        40          6          0          0          0         72   _printf_char_file.o
        10          0          0          0          0          0   _printf_d.o
       108         18          0          0          0         76   _printf_dec.o
        88          4         40          0          0         72   _printf_hex_int.o
       176          0          0          0          0         84   _printf_intcommon.o
        78          0          0          0          0        100   _printf_pad.o
         2          0          0          0          0          0   _printf_percent.o
         4          0          0          0          0          0   _printf_percent_end.o
        10          0          0          0          0          0   _printf_s.o
        82          0          0          0          0         72   _printf_str.o
        10          0          0          0          0          0   _printf_u.o
        10          0          0          0          0          0   _printf_x.o
        10          0          0          0          0         60   _sputc.o
       166          0          0          0          0         84   _strtoul.o
       346          0          0          0          0         92   aeabi_sdiv.o
        26          0          0          0          0         72   atoi.o
        26          0          0          0          0         72   atol.o
        16          0          0          0          0         68   exit.o
         6          0          0          0          0        136   heapauxi.o
        44         10        272          0          0         76   lc_ctype_c.o
         2          0          0          0          0          0   libinit.o
        24          0          0          0          0          0   libinit2.o
         2          0          0          0          0          0   libshutdown.o
         2          0          0          0          0          0   libshutdown2.o
         8          4          0          0         96         68   libspace.o
        90          0          0          0          0         68   memcmp.o
       116         16          0          0        228        156   rand.o
        16          4          0          0          0         76   rt_ctype_table.o
         8          4          0          0          0         68   rt_errno_addr_intlibspace.o
         8          4          0          0          0         68   rt_locale_intlibspace.o
        64          0          0          0          0        108   rt_memclr.o
       186          0          0          0          0        144   rt_memcpy.o
         2          0          0          0          0          0   rtexit.o
        10          0          0          0          0          0   rtexit2.o
        40          0          0          0          0         60   rtudiv10.o
        24          0          0          0          0         60   strcat.o
        20          0          0          0          0         60   strchr.o
       136          4          0          0          0         72   strcmp.o
        76          6          0          0          0         72   strcpy.o
        34          0          0          0          0         72   strcspn.o
        68          6          0          0          0         72   strlen.o
       160          6          0          0          0         76   strncmp.o
       108          4          0          0          0         76   strncpy.o
        32          0          0          0          0         72   strspn.o
        40          0          0          0          0         72   strstr.o
        16          6          0          4          0         68   strtok.o
        72          6          0          0          0         76   strtok_int.o
       112          4          0          0          0         76   strtol.o
        62          0          0          0          0         80   sys_stackheap_outer.o
        30          0          0          0          0         68   toupper.o
        34          0          0          0          0         60   uread4.o
         2          0          0          0          0         68   use_no_semi.o
        16          0          0          0          0         60   uwrite4.o
       856         20          0          0          0        208   daddsub.o
        72          4          0          0          0         68   dfixui.o
        84          4          0          0          0         60   f2d.o
       372          8          0          0          0        240   faddsub.o
       352         10         64          0          0         92   fdiv.o
        48          0          0          0          0         60   ffixui.o
        94          0          0          0          0         92   fflti.o
        68          4          0          0          0         68   fscalbn.o
         0          0          0          0          0          0   usenofp.o

    ----------------------------------------------------------------------
      5650        192        396          4        324       4720   Library Totals
        14          0          3          0          0          0   (incl. Padding)

    ----------------------------------------------------------------------

      Code (inc. data)   RO Data    RW Data    ZI Data      Debug   Library Name

      3690        142        329          4        324       3832   c_p.l
      1946         50         64          0          0        888   fz_ps.l

    ----------------------------------------------------------------------
      5650        192        396          4        324       4720   Library Totals

    ----------------------------------------------------------------------

==============================================================================


      Code (inc. data)   RO Data    RW Data    ZI Data      Debug   

     39692       5298       1844        808      12880     226349   Grand Totals
     39692       5298       1844        432      12880     226349   ELF Image Totals (compressed)
     39692       5298       1844        432          0          0   ROM Totals

==============================================================================

    Total RO  Size (Code + RO Data)                41536 (  40.56kB)
    Total RW  Size (RW Data + ZI Data)             13688 (  13.37kB)
    Total ROM Size (Code + RO Data + RW Data)      41968 (  40.98kB)

==============================================================================

